Archive member included to satisfy reference by file (symbol)

/Applications/ArmGNUToolchain/10.2/bin/../lib/gcc/arm-none-eabi/10.2.1/../../../../arm-none-eabi/lib/thumb/v7e-m+fp/hard/libc_nano.a(lib_a-errno.o)
                              build/sysmem.o (__errno)
/Applications/ArmGNUToolchain/10.2/bin/../lib/gcc/arm-none-eabi/10.2.1/../../../../arm-none-eabi/lib/thumb/v7e-m+fp/hard/libc_nano.a(lib_a-exit.o)
                              /Applications/ArmGNUToolchain/10.2/bin/../lib/gcc/arm-none-eabi/10.2.1/../../../../arm-none-eabi/lib/thumb/v7e-m+fp/hard/crt0.o (exit)
/Applications/ArmGNUToolchain/10.2/bin/../lib/gcc/arm-none-eabi/10.2.1/../../../../arm-none-eabi/lib/thumb/v7e-m+fp/hard/libc_nano.a(lib_a-impure.o)
                              /Applications/ArmGNUToolchain/10.2/bin/../lib/gcc/arm-none-eabi/10.2.1/../../../../arm-none-eabi/lib/thumb/v7e-m+fp/hard/libc_nano.a(lib_a-exit.o) (_global_impure_ptr)
/Applications/ArmGNUToolchain/10.2/bin/../lib/gcc/arm-none-eabi/10.2.1/../../../../arm-none-eabi/lib/thumb/v7e-m+fp/hard/libc_nano.a(lib_a-init.o)
                              /Applications/ArmGNUToolchain/10.2/bin/../lib/gcc/arm-none-eabi/10.2.1/../../../../arm-none-eabi/lib/thumb/v7e-m+fp/hard/crt0.o (__libc_init_array)
/Applications/ArmGNUToolchain/10.2/bin/../lib/gcc/arm-none-eabi/10.2.1/../../../../arm-none-eabi/lib/thumb/v7e-m+fp/hard/libc_nano.a(lib_a-memset.o)
                              /Applications/ArmGNUToolchain/10.2/bin/../lib/gcc/arm-none-eabi/10.2.1/../../../../arm-none-eabi/lib/thumb/v7e-m+fp/hard/crt0.o (memset)

Discarded input sections

 .text          0x0000000000000000        0x0 /Applications/ArmGNUToolchain/10.2/bin/../lib/gcc/arm-none-eabi/10.2.1/thumb/v7e-m+fp/hard/crti.o
 .data          0x0000000000000000        0x0 /Applications/ArmGNUToolchain/10.2/bin/../lib/gcc/arm-none-eabi/10.2.1/thumb/v7e-m+fp/hard/crti.o
 .bss           0x0000000000000000        0x0 /Applications/ArmGNUToolchain/10.2/bin/../lib/gcc/arm-none-eabi/10.2.1/thumb/v7e-m+fp/hard/crti.o
 .data          0x0000000000000000        0x4 /Applications/ArmGNUToolchain/10.2/bin/../lib/gcc/arm-none-eabi/10.2.1/thumb/v7e-m+fp/hard/crtbegin.o
 .rodata        0x0000000000000000       0x24 /Applications/ArmGNUToolchain/10.2/bin/../lib/gcc/arm-none-eabi/10.2.1/thumb/v7e-m+fp/hard/crtbegin.o
 .text          0x0000000000000000       0x7c /Applications/ArmGNUToolchain/10.2/bin/../lib/gcc/arm-none-eabi/10.2.1/../../../../arm-none-eabi/lib/thumb/v7e-m+fp/hard/crt0.o
 .data          0x0000000000000000        0x0 /Applications/ArmGNUToolchain/10.2/bin/../lib/gcc/arm-none-eabi/10.2.1/../../../../arm-none-eabi/lib/thumb/v7e-m+fp/hard/crt0.o
 .bss           0x0000000000000000        0x0 /Applications/ArmGNUToolchain/10.2/bin/../lib/gcc/arm-none-eabi/10.2.1/../../../../arm-none-eabi/lib/thumb/v7e-m+fp/hard/crt0.o
 .ARM.extab     0x0000000000000000        0x0 /Applications/ArmGNUToolchain/10.2/bin/../lib/gcc/arm-none-eabi/10.2.1/../../../../arm-none-eabi/lib/thumb/v7e-m+fp/hard/crt0.o
 .ARM.exidx     0x0000000000000000       0x10 /Applications/ArmGNUToolchain/10.2/bin/../lib/gcc/arm-none-eabi/10.2.1/../../../../arm-none-eabi/lib/thumb/v7e-m+fp/hard/crt0.o
 .ARM.attributes
                0x0000000000000000       0x1c /Applications/ArmGNUToolchain/10.2/bin/../lib/gcc/arm-none-eabi/10.2.1/../../../../arm-none-eabi/lib/thumb/v7e-m+fp/hard/crt0.o
 .text          0x0000000000000000        0x0 build/main.o
 .data          0x0000000000000000        0x0 build/main.o
 .bss           0x0000000000000000        0x0 build/main.o
 .text          0x0000000000000000        0x0 build/stm32l4xx_it.o
 .data          0x0000000000000000        0x0 build/stm32l4xx_it.o
 .bss           0x0000000000000000        0x0 build/stm32l4xx_it.o
 .text          0x0000000000000000        0x0 build/stm32l4xx_hal_msp.o
 .data          0x0000000000000000        0x0 build/stm32l4xx_hal_msp.o
 .bss           0x0000000000000000        0x0 build/stm32l4xx_hal_msp.o
 .text          0x0000000000000000        0x0 build/stm32l4xx_hal_tim.o
 .data          0x0000000000000000        0x0 build/stm32l4xx_hal_tim.o
 .bss           0x0000000000000000        0x0 build/stm32l4xx_hal_tim.o
 .debug_info    0x0000000000000000       0x6b build/stm32l4xx_hal_tim.o
 .debug_abbrev  0x0000000000000000       0x26 build/stm32l4xx_hal_tim.o
 .debug_aranges
                0x0000000000000000       0x18 build/stm32l4xx_hal_tim.o
 .debug_line    0x0000000000000000       0x1d build/stm32l4xx_hal_tim.o
 .debug_str     0x0000000000000000      0x190 build/stm32l4xx_hal_tim.o
 .comment       0x0000000000000000       0x4e build/stm32l4xx_hal_tim.o
 .ARM.attributes
                0x0000000000000000       0x39 build/stm32l4xx_hal_tim.o
 .text          0x0000000000000000        0x0 build/stm32l4xx_hal_tim_ex.o
 .data          0x0000000000000000        0x0 build/stm32l4xx_hal_tim_ex.o
 .bss           0x0000000000000000        0x0 build/stm32l4xx_hal_tim_ex.o
[...]
Memory Configuration

Name             Origin             Length             Attributes
RAM              0x0000000020000000 0x0000000000010000 xrw
RAM2             0x0000000010000000 0x0000000000004000 xrw
FLASH            0x0000000008000000 0x0000000000040000 xr
*default*        0x0000000000000000 0xffffffffffffffff

Linker script and memory map

LOAD /Applications/ArmGNUToolchain/10.2/bin/../lib/gcc/arm-none-eabi/10.2.1/thumb/v7e-m+fp/hard/crti.o
LOAD /Applications/ArmGNUToolchain/10.2/bin/../lib/gcc/arm-none-eabi/10.2.1/thumb/v7e-m+fp/hard/crtbegin.o
LOAD /Applications/ArmGNUToolchain/10.2/bin/../lib/gcc/arm-none-eabi/10.2.1/../../../../arm-none-eabi/lib/thumb/v7e-m+fp/hard/crt0.o
LOAD build/main.o
LOAD build/stm32l4xx_it.o
LOAD build/stm32l4xx_hal_msp.o
LOAD build/stm32l4xx_hal_tim.o
LOAD build/stm32l4xx_hal_tim_ex.o
LOAD build/stm32l4xx_hal.o
LOAD build/stm32l4xx_hal_rcc.o
LOAD build/stm32l4xx_hal_rcc_ex.o
LOAD build/stm32l4xx_hal_flash.o
LOAD build/stm32l4xx_hal_flash_ex.o
LOAD build/stm32l4xx_hal_flash_ramfunc.o
LOAD build/stm32l4xx_hal_gpio.o
LOAD build/stm32l4xx_hal_i2c.o
LOAD build/stm32l4xx_hal_i2c_ex.o
LOAD build/stm32l4xx_hal_dma.o
LOAD build/stm32l4xx_hal_dma_ex.o
LOAD build/stm32l4xx_hal_pwr.o
LOAD build/stm32l4xx_hal_pwr_ex.o
LOAD build/stm32l4xx_hal_cortex.o
LOAD build/stm32l4xx_hal_exti.o
LOAD build/system_stm32l4xx.o
LOAD build/sysmem.o
LOAD build/syscalls.o
LOAD build/startup_stm32l432xx.o
LOAD /Applications/ArmGNUToolchain/10.2/bin/../lib/gcc/arm-none-eabi/10.2.1/../../../../arm-none-eabi/lib/thumb/v7e-m+fp/hard/libc_nano.a
LOAD /Applications/ArmGNUToolchain/10.2/bin/../lib/gcc/arm-none-eabi/10.2.1/../../../../arm-none-eabi/lib/thumb/v7e-m+fp/hard/libm.a
LOAD /Applications/ArmGNUToolchain/10.2/bin/../lib/gcc/arm-none-eabi/10.2.1/../../../../arm-none-eabi/lib/thumb/v7e-m+fp/hard/libnosys.a
START GROUP
LOAD /Applications/ArmGNUToolchain/10.2/bin/../lib/gcc/arm-none-eabi/10.2.1/thumb/v7e-m+fp/hard/libgcc.a
LOAD /Applications/ArmGNUToolchain/10.2/bin/../lib/gcc/arm-none-eabi/10.2.1/../../../../arm-none-eabi/lib/thumb/v7e-m+fp/hard/libc_nano.a
END GROUP
START GROUP
LOAD /Applications/ArmGNUToolchain/10.2/bin/../lib/gcc/arm-none-eabi/10.2.1/thumb/v7e-m+fp/hard/libgcc.a
LOAD /Applications/ArmGNUToolchain/10.2/bin/../lib/gcc/arm-none-eabi/10.2.1/../../../../arm-none-eabi/lib/thumb/v7e-m+fp/hard/libc_nano.a
END GROUP
LOAD /Applications/ArmGNUToolchain/10.2/bin/../lib/gcc/arm-none-eabi/10.2.1/thumb/v7e-m+fp/hard/crtend.o
LOAD /Applications/ArmGNUToolchain/10.2/bin/../lib/gcc/arm-none-eabi/10.2.1/thumb/v7e-m+fp/hard/crtn.o
                0x0000000020010000                _estack = (ORIGIN (RAM) + LENGTH (RAM))
                0x0000000000000200                _Min_Heap_Size = 0x200
                0x0000000000000400                _Min_Stack_Size = 0x400

.isr_vector     0x0000000008000000      0x190
                0x0000000008000000                . = ALIGN (0x8)
 *(.isr_vector)
 .isr_vector    0x0000000008000000      0x18c build/startup_stm32l432xx.o
                0x0000000008000000                g_pfnVectors
                0x0000000008000190                . = ALIGN (0x8)
 *fill*         0x000000000800018c        0x4 

.text           0x0000000008000190      0xf80
                0x0000000008000190                . = ALIGN (0x8)
 *(.text)
 .text          0x0000000008000190       0x40 /Applications/ArmGNUToolchain/10.2/bin/../lib/gcc/arm-none-eabi/10.2.1/thumb/v7e-m+fp/hard/crtbegin.o
 *(.text*)
 .text.MX_GPIO_Init
                0x00000000080001d0       0xa8 build/main.o
 .text.Error_Handler
                0x0000000008000278        0x4 build/main.o
                0x0000000008000278                Error_Handler
 .text.SystemClock_Config
                0x000000000800027c       0x7a build/main.o
                0x000000000800027c                SystemClock_Config
 .text.main     0x00000000080002f6       0x10 build/main.o
                0x00000000080002f6                main
 .text.NMI_Handler
                0x0000000008000306        0x2 build/stm32l4xx_it.o
                0x0000000008000306                NMI_Handler
 .text.HardFault_Handler
                0x0000000008000308        0x2 build/stm32l4xx_it.o
                0x0000000008000308                HardFault_Handler
 .text.MemManage_Handler
                0x000000000800030a        0x2 build/stm32l4xx_it.o
                0x000000000800030a                MemManage_Handler
 .text.BusFault_Handler
                0x000000000800030c        0x2 build/stm32l4xx_it.o
                0x000000000800030c                BusFault_Handler
 .text.UsageFault_Handler
                0x000000000800030e        0x2 build/stm32l4xx_it.o
                0x000000000800030e                UsageFault_Handler
 .text.SVC_Handler
                0x0000000008000310        0x2 build/stm32l4xx_it.o
                0x0000000008000310                SVC_Handler
 .text.DebugMon_Handler
                0x0000000008000312        0x2 build/stm32l4xx_it.o
                0x0000000008000312                DebugMon_Handler
 .text.PendSV_Handler
                0x0000000008000314        0x2 build/stm32l4xx_it.o
                0x0000000008000314                PendSV_Handler
 .text.SysTick_Handler
                0x0000000008000316        0x8 build/stm32l4xx_it.o
                0x0000000008000316                SysTick_Handler
 *fill*         0x000000000800031e        0x2 
 .text.HAL_MspInit
                0x0000000008000320       0x30 build/stm32l4xx_hal_msp.o
                0x0000000008000320                HAL_MspInit
 .text.HAL_InitTick
                0x0000000008000350       0x50 build/stm32l4xx_hal.o
                0x0000000008000350                HAL_InitTick
 .text.HAL_Init
                0x00000000080003a0       0x1e build/stm32l4xx_hal.o
                0x00000000080003a0                HAL_Init
 *fill*         0x00000000080003be        0x2 
 .text.HAL_IncTick
                0x00000000080003c0       0x18 build/stm32l4xx_hal.o
                0x00000000080003c0                HAL_IncTick
 .text.HAL_GetTick
                0x00000000080003d8        0xc build/stm32l4xx_hal.o
                0x00000000080003d8                HAL_GetTick
 .text.RCC_SetFlashLatencyFromMSIRange
                0x00000000080003e4       0x90 build/stm32l4xx_hal_rcc.o
 .text.HAL_RCC_GetSysClockFreq
                0x0000000008000474       0xb4 build/stm32l4xx_hal_rcc.o
                0x0000000008000474                HAL_RCC_GetSysClockFreq
 .text.HAL_RCC_OscConfig
                0x0000000008000528      0x66c build/stm32l4xx_hal_rcc.o
                0x0000000008000528                HAL_RCC_OscConfig
 .text.HAL_RCC_ClockConfig
                0x0000000008000b94      0x188 build/stm32l4xx_hal_rcc.o
                0x0000000008000b94                HAL_RCC_ClockConfig
 .text.HAL_GPIO_Init
                0x0000000008000d1c      0x1b0 build/stm32l4xx_hal_gpio.o
                0x0000000008000d1c                HAL_GPIO_Init
 .text.HAL_GPIO_WritePin
                0x0000000008000ecc        0xa build/stm32l4xx_hal_gpio.o
                0x0000000008000ecc                HAL_GPIO_WritePin
 *fill*         0x0000000008000ed6        0x2 
 .text.HAL_PWREx_GetVoltageRange
                0x0000000008000ed8       0x10 build/stm32l4xx_hal_pwr_ex.o
                0x0000000008000ed8                HAL_PWREx_GetVoltageRange
 .text.HAL_PWREx_ControlVoltageScaling
                0x0000000008000ee8       0x90 build/stm32l4xx_hal_pwr_ex.o
                0x0000000008000ee8                HAL_PWREx_ControlVoltageScaling
 .text.HAL_NVIC_SetPriorityGrouping
                0x0000000008000f78       0x24 build/stm32l4xx_hal_cortex.o
                0x0000000008000f78                HAL_NVIC_SetPriorityGrouping
 .text.HAL_NVIC_SetPriority
                0x0000000008000f9c       0x70 build/stm32l4xx_hal_cortex.o
                0x0000000008000f9c                HAL_NVIC_SetPriority
 .text.HAL_SYSTICK_Config
                0x000000000800100c       0x28 build/stm32l4xx_hal_cortex.o
                0x000000000800100c                HAL_SYSTICK_Config
 .text.SystemInit
                0x0000000008001034       0x14 build/system_stm32l4xx.o
                0x0000000008001034                SystemInit
 .text.Reset_Handler
                0x0000000008001048       0x50 build/startup_stm32l432xx.o
                0x0000000008001048                Reset_Handler
 .text.Default_Handler
                0x0000000008001098        0x2 build/startup_stm32l432xx.o
                0x0000000008001098                TIM1_BRK_TIM15_IRQHandler
                0x0000000008001098                EXTI2_IRQHandler
                0x0000000008001098                TIM1_CC_IRQHandler
                0x0000000008001098                TSC_IRQHandler
                0x0000000008001098                TAMP_STAMP_IRQHandler
                0x0000000008001098                EXTI3_IRQHandler
                0x0000000008001098                LPTIM2_IRQHandler
                0x0000000008001098                I2C3_ER_IRQHandler
                0x0000000008001098                EXTI0_IRQHandler
                0x0000000008001098                CAN1_RX0_IRQHandler
                0x0000000008001098                FPU_IRQHandler
                0x0000000008001098                TIM1_UP_TIM16_IRQHandler
                0x0000000008001098                SPI1_IRQHandler
                0x0000000008001098                TIM6_DAC_IRQHandler
                0x0000000008001098                DMA2_Channel2_IRQHandler
                0x0000000008001098                DMA1_Channel4_IRQHandler
                0x0000000008001098                ADC1_IRQHandler
                0x0000000008001098                DMA1_Channel7_IRQHandler
                0x0000000008001098                CAN1_RX1_IRQHandler
                0x0000000008001098                DMA2_Channel1_IRQHandler
                0x0000000008001098                QUADSPI_IRQHandler
                0x0000000008001098                I2C1_EV_IRQHandler
                0x0000000008001098                DMA1_Channel6_IRQHandler
                0x0000000008001098                DMA2_Channel4_IRQHandler
                0x0000000008001098                RCC_IRQHandler
                0x0000000008001098                TIM1_TRG_COM_IRQHandler
                0x0000000008001098                DMA1_Channel1_IRQHandler
                0x0000000008001098                Default_Handler
                0x0000000008001098                DMA2_Channel7_IRQHandler
                0x0000000008001098                EXTI15_10_IRQHandler
                0x0000000008001098                TIM7_IRQHandler
                0x0000000008001098                I2C3_EV_IRQHandler
                0x0000000008001098                USB_IRQHandler
                0x0000000008001098                EXTI9_5_IRQHandler
                0x0000000008001098                RTC_WKUP_IRQHandler
                0x0000000008001098                PVD_PVM_IRQHandler
                0x0000000008001098                CAN1_TX_IRQHandler
                0x0000000008001098                DMA2_Channel5_IRQHandler
                0x0000000008001098                CRS_IRQHandler
                0x0000000008001098                DMA1_Channel5_IRQHandler
                0x0000000008001098                EXTI4_IRQHandler
                0x0000000008001098                RNG_IRQHandler
                0x0000000008001098                DMA1_Channel3_IRQHandler
                0x0000000008001098                COMP_IRQHandler
                0x0000000008001098                WWDG_IRQHandler
                0x0000000008001098                LPUART1_IRQHandler
                0x0000000008001098                DMA2_Channel6_IRQHandler
                0x0000000008001098                TIM2_IRQHandler
                0x0000000008001098                EXTI1_IRQHandler
                0x0000000008001098                USART2_IRQHandler
                0x0000000008001098                DMA1_Channel2_IRQHandler
                0x0000000008001098                CAN1_SCE_IRQHandler
                0x0000000008001098                FLASH_IRQHandler
                0x0000000008001098                USART1_IRQHandler
                0x0000000008001098                SPI3_IRQHandler
                0x0000000008001098                I2C1_ER_IRQHandler
                0x0000000008001098                SWPMI1_IRQHandler
                0x0000000008001098                LPTIM1_IRQHandler
                0x0000000008001098                SAI1_IRQHandler
                0x0000000008001098                DMA2_Channel3_IRQHandler
                0x0000000008001098                RTC_Alarm_IRQHandler
 *fill*         0x000000000800109a        0x2 
 .text.__libc_init_array
                0x000000000800109c       0x48 /Applications/ArmGNUToolchain/10.2/bin/../lib/gcc/arm-none-eabi/10.2.1/../../../../arm-none-eabi/lib/thumb/v7e-m+fp/hard/libc_nano.a(lib_a-init.o)
                0x000000000800109c                __libc_init_array
 .text.memset   0x00000000080010e4       0x10 /Applications/ArmGNUToolchain/10.2/bin/../lib/gcc/arm-none-eabi/10.2.1/../../../../arm-none-eabi/lib/thumb/v7e-m+fp/hard/libc_nano.a(lib_a-memset.o)
                0x00000000080010e4                memset
 *(.glue_7)
 .glue_7        0x00000000080010f4        0x0 linker stubs
 *(.glue_7t)
 .glue_7t       0x00000000080010f4        0x0 linker stubs
 *(.eh_frame)
 .eh_frame      0x00000000080010f4        0x0 /Applications/ArmGNUToolchain/10.2/bin/../lib/gcc/arm-none-eabi/10.2.1/thumb/v7e-m+fp/hard/crtbegin.o
 *(.init)
 .init          0x00000000080010f4        0x4 /Applications/ArmGNUToolchain/10.2/bin/../lib/gcc/arm-none-eabi/10.2.1/thumb/v7e-m+fp/hard/crti.o
                0x00000000080010f4                _init
 .init          0x00000000080010f8        0x8 /Applications/ArmGNUToolchain/10.2/bin/../lib/gcc/arm-none-eabi/10.2.1/thumb/v7e-m+fp/hard/crtn.o
 *(.fini)
 .fini          0x0000000008001100        0x4 /Applications/ArmGNUToolchain/10.2/bin/../lib/gcc/arm-none-eabi/10.2.1/thumb/v7e-m+fp/hard/crti.o
                0x0000000008001100                _fini
 .fini          0x0000000008001104        0x8 /Applications/ArmGNUToolchain/10.2/bin/../lib/gcc/arm-none-eabi/10.2.1/thumb/v7e-m+fp/hard/crtn.o
                0x0000000008001110                . = ALIGN (0x8)
 *fill*         0x000000000800110c        0x4 
                0x0000000008001110                _etext = .

.vfp11_veneer   0x0000000008001110        0x0
 .vfp11_veneer  0x0000000008001110        0x0 linker stubs

.v4_bx          0x0000000008001110        0x0
 .v4_bx         0x0000000008001110        0x0 linker stubs

.iplt           0x0000000008001110        0x0
 .iplt          0x0000000008001110        0x0 /Applications/ArmGNUToolchain/10.2/bin/../lib/gcc/arm-none-eabi/10.2.1/thumb/v7e-m+fp/hard/crtbegin.o

.rodata         0x0000000008001110       0x40
                0x0000000008001110                . = ALIGN (0x8)
 *(.rodata)
 *(.rodata*)
 .rodata.AHBPrescTable
                0x0000000008001110       0x10 build/system_stm32l4xx.o
                0x0000000008001110                AHBPrescTable
 .rodata.MSIRangeTable
                0x0000000008001120       0x30 build/system_stm32l4xx.o
                0x0000000008001120                MSIRangeTable
                0x0000000008001150                . = ALIGN (0x8)

.rel.dyn        0x0000000008001150        0x0
 .rel.iplt      0x0000000008001150        0x0 /Applications/ArmGNUToolchain/10.2/bin/../lib/gcc/arm-none-eabi/10.2.1/thumb/v7e-m+fp/hard/crtbegin.o

.ARM.extab      0x0000000008001150        0x0
                0x0000000008001150                . = ALIGN (0x8)
 *(.ARM.extab* .gnu.linkonce.armextab.*)
                0x0000000008001150                . = ALIGN (0x8)

.ARM            0x0000000008001150        0x0
                0x0000000008001150                . = ALIGN (0x8)
                0x0000000008001150                __exidx_start = .
 *(.ARM.exidx*)
                0x0000000008001150                __exidx_end = .
                0x0000000008001150                . = ALIGN (0x8)

.preinit_array  0x0000000008001150        0x0
                0x0000000008001150                . = ALIGN (0x8)
                0x0000000008001150                PROVIDE (__preinit_array_start = .)
 *(.preinit_array*)
                0x0000000008001150                PROVIDE (__preinit_array_end = .)
                0x0000000008001150                . = ALIGN (0x8)

.init_array     0x0000000008001150        0x8
                0x0000000008001150                . = ALIGN (0x8)
                0x0000000008001150                PROVIDE (__init_array_start = .)
 *(SORT_BY_NAME(.init_array.*))
 *(.init_array*)
 .init_array    0x0000000008001150        0x4 /Applications/ArmGNUToolchain/10.2/bin/../lib/gcc/arm-none-eabi/10.2.1/thumb/v7e-m+fp/hard/crtbegin.o
                0x0000000008001154                PROVIDE (__init_array_end = .)
                0x0000000008001158                . = ALIGN (0x8)
 *fill*         0x0000000008001154        0x4 

.fini_array     0x0000000008001158        0x8
                0x0000000008001158                . = ALIGN (0x8)
                [!provide]                        PROVIDE (__fini_array_start = .)
 *(SORT_BY_NAME(.fini_array.*))
 *(.fini_array*)
 .fini_array    0x0000000008001158        0x4 /Applications/ArmGNUToolchain/10.2/bin/../lib/gcc/arm-none-eabi/10.2.1/thumb/v7e-m+fp/hard/crtbegin.o
                [!provide]                        PROVIDE (__fini_array_end = .)
                0x0000000008001160                . = ALIGN (0x8)
 *fill*         0x000000000800115c        0x4 
                0x0000000008001160                _sidata = LOADADDR (.data)

.data           0x0000000020000000       0x10 load address 0x0000000008001160
                0x0000000020000000                . = ALIGN (0x8)
                0x0000000020000000                _sdata = .
 *(.data)
 *(.data*)
 .data.uwTickFreq
                0x0000000020000000        0x1 build/stm32l4xx_hal.o
                0x0000000020000000                uwTickFreq
 *fill*         0x0000000020000001        0x3 
 .data.uwTickPrio
                0x0000000020000004        0x4 build/stm32l4xx_hal.o
                0x0000000020000004                uwTickPrio
 .data.SystemCoreClock
                0x0000000020000008        0x4 build/system_stm32l4xx.o
                0x0000000020000008                SystemCoreClock
                0x0000000020000010                . = ALIGN (0x8)
 *fill*         0x000000002000000c        0x4 
                0x0000000020000010                _edata = .

.igot.plt       0x0000000020000010        0x0 load address 0x0000000008001170
 .igot.plt      0x0000000020000010        0x0 /Applications/ArmGNUToolchain/10.2/bin/../lib/gcc/arm-none-eabi/10.2.1/thumb/v7e-m+fp/hard/crtbegin.o
                0x0000000020000010                . = ALIGN (0x4)

.bss            0x0000000020000010       0x20 load address 0x0000000008001170
                0x0000000020000010                _sbss = .
                0x0000000020000010                __bss_start__ = _sbss
 *(.bss)
 .bss           0x0000000020000010       0x1c /Applications/ArmGNUToolchain/10.2/bin/../lib/gcc/arm-none-eabi/10.2.1/thumb/v7e-m+fp/hard/crtbegin.o
 *(.bss*)
 .bss.uwTick    0x000000002000002c        0x4 build/stm32l4xx_hal.o
                0x000000002000002c                uwTick
 *(COMMON)
                0x0000000020000030                . = ALIGN (0x4)
                0x0000000020000030                _ebss = .
                0x0000000020000030                __bss_end__ = _ebss

._user_heap_stack
                0x0000000020000030      0x600 load address 0x0000000008001170
                0x0000000020000030                . = ALIGN (0x8)
                [!provide]                        PROVIDE (end = .)
                0x0000000020000030                PROVIDE (_end = .)
                0x0000000020000230                . = (. + _Min_Heap_Size)
 *fill*         0x0000000020000030      0x200 
                0x0000000020000630                . = (. + _Min_Stack_Size)
 *fill*         0x0000000020000230      0x400 
                0x0000000020000630                . = ALIGN (0x8)

/DISCARD/
 libc.a(*)
 libm.a(*)
 libgcc.a(*)

.ARM.attributes
                0x0000000000000000       0x30
 *(.ARM.attributes)
 .ARM.attributes
                0x0000000000000000       0x1e /Applications/ArmGNUToolchain/10.2/bin/../lib/gcc/arm-none-eabi/10.2.1/thumb/v7e-m+fp/hard/crti.o
 .ARM.attributes
                0x000000000000001e       0x34 /Applications/ArmGNUToolchain/10.2/bin/../lib/gcc/arm-none-eabi/10.2.1/thumb/v7e-m+fp/hard/crtbegin.o
 .ARM.attributes
                0x0000000000000052       0x34 build/main.o
 .ARM.attributes
                0x0000000000000086       0x34 build/stm32l4xx_it.o
 .ARM.attributes
                0x00000000000000ba       0x34 build/stm32l4xx_hal_msp.o
 .ARM.attributes
                0x00000000000000ee       0x34 build/stm32l4xx_hal.o
 .ARM.attributes
                0x0000000000000122       0x34 build/stm32l4xx_hal_rcc.o
 .ARM.attributes
                0x0000000000000156       0x34 build/stm32l4xx_hal_gpio.o
 .ARM.attributes
                0x000000000000018a       0x34 build/stm32l4xx_hal_pwr_ex.o
 .ARM.attributes
                0x00000000000001be       0x34 build/stm32l4xx_hal_cortex.o
 .ARM.attributes
                0x00000000000001f2       0x34 build/system_stm32l4xx.o
 .ARM.attributes
                0x0000000000000226       0x21 build/startup_stm32l432xx.o
 .ARM.attributes
                0x0000000000000247       0x34 /Applications/ArmGNUToolchain/10.2/bin/../lib/gcc/arm-none-eabi/10.2.1/../../../../arm-none-eabi/lib/thumb/v7e-m+fp/hard/libc_nano.a(lib_a-init.o)
 .ARM.attributes
                0x000000000000027b       0x34 /Applications/ArmGNUToolchain/10.2/bin/../lib/gcc/arm-none-eabi/10.2.1/../../../../arm-none-eabi/lib/thumb/v7e-m+fp/hard/libc_nano.a(lib_a-memset.o)
 .ARM.attributes
                0x00000000000002af       0x1e /Applications/ArmGNUToolchain/10.2/bin/../lib/gcc/arm-none-eabi/10.2.1/thumb/v7e-m+fp/hard/crtn.o
OUTPUT(build/Onboarding-NoRTOS.elf elf32-littlearm)
LOAD linker stubs
LOAD /Applications/ArmGNUToolchain/10.2/bin/../lib/gcc/arm-none-eabi/10.2.1/../../../../arm-none-eabi/lib/thumb/v7e-m+fp/hard/libc.a
LOAD /Applications/ArmGNUToolchain/10.2/bin/../lib/gcc/arm-none-eabi/10.2.1/../../../../arm-none-eabi/lib/thumb/v7e-m+fp/hard/libm.a
LOAD /Applications/ArmGNUToolchain/10.2/bin/../lib/gcc/arm-none-eabi/10.2.1/thumb/v7e-m+fp/hard/libgcc.a

.debug_info     0x0000000000000000     0x556f
 .debug_info    0x0000000000000000      0x8df build/main.o
 .debug_info    0x00000000000008df      0x15b build/stm32l4xx_it.o
 .debug_info    0x0000000000000a3a      0x370 build/stm32l4xx_hal_msp.o
 .debug_info    0x0000000000000daa      0xb5b build/stm32l4xx_hal.o
 .debug_info    0x0000000000001905     0x1051 build/stm32l4xx_hal_rcc.o
 .debug_info    0x0000000000002956      0x91c build/stm32l4xx_hal_gpio.o
 .debug_info    0x0000000000003272      0xb22 build/stm32l4xx_hal_pwr_ex.o
 .debug_info    0x0000000000003d94     0x1137 build/stm32l4xx_hal_cortex.o
 .debug_info    0x0000000000004ecb      0x682 build/system_stm32l4xx.o
 .debug_info    0x000000000000554d       0x22 build/startup_stm32l432xx.o

.debug_abbrev   0x0000000000000000     0x10d1
 .debug_abbrev  0x0000000000000000      0x1e9 build/main.o
 .debug_abbrev  0x00000000000001e9       0x81 build/stm32l4xx_it.o
 .debug_abbrev  0x000000000000026a       0xc1 build/stm32l4xx_hal_msp.o
 .debug_abbrev  0x000000000000032b      0x21c build/stm32l4xx_hal.o
 .debug_abbrev  0x0000000000000547      0x28e build/stm32l4xx_hal_rcc.o
 .debug_abbrev  0x00000000000007d5      0x222 build/stm32l4xx_hal_gpio.o
 .debug_abbrev  0x00000000000009f7      0x234 build/stm32l4xx_hal_pwr_ex.o
 .debug_abbrev  0x0000000000000c2b      0x379 build/stm32l4xx_hal_cortex.o
 .debug_abbrev  0x0000000000000fa4      0x11b build/system_stm32l4xx.o
 .debug_abbrev  0x00000000000010bf       0x12 build/startup_stm32l432xx.o

.debug_loc      0x0000000000000000     0x21e0
 .debug_loc     0x0000000000000000       0x9e build/main.o
 .debug_loc     0x000000000000009e       0x20 build/stm32l4xx_it.o
 .debug_loc     0x00000000000000be       0x2c build/stm32l4xx_hal_msp.o
 .debug_loc     0x00000000000000ea      0x26d build/stm32l4xx_hal.o
 .debug_loc     0x0000000000000357      0x9e0 build/stm32l4xx_hal_rcc.o
 .debug_loc     0x0000000000000d37      0x46f build/stm32l4xx_hal_gpio.o
 .debug_loc     0x00000000000011a6      0x76f build/stm32l4xx_hal_pwr_ex.o
 .debug_loc     0x0000000000001915      0x7a4 build/stm32l4xx_hal_cortex.o
 .debug_loc     0x00000000000020b9      0x127 build/system_stm32l4xx.o

.debug_aranges  0x0000000000000000      0x4d8
 .debug_aranges
                0x0000000000000000       0x38 build/main.o
 .debug_aranges
                0x0000000000000038       0x60 build/stm32l4xx_it.o
 .debug_aranges
                0x0000000000000098       0x20 build/stm32l4xx_hal_msp.o
 .debug_aranges
                0x00000000000000b8      0x108 build/stm32l4xx_hal.o
 .debug_aranges
                0x00000000000001c0       0x90 build/stm32l4xx_hal_rcc.o
 .debug_aranges
                0x0000000000000250       0x58 build/stm32l4xx_hal_gpio.o
 .debug_aranges
                0x00000000000002a8      0x128 build/stm32l4xx_hal_pwr_ex.o
 .debug_aranges
                0x00000000000003d0       0xb8 build/stm32l4xx_hal_cortex.o
 .debug_aranges
                0x0000000000000488       0x28 build/system_stm32l4xx.o
 .debug_aranges
                0x00000000000004b0       0x28 build/startup_stm32l432xx.o

.debug_ranges   0x0000000000000000      0x4b8
 .debug_ranges  0x0000000000000000       0x28 build/main.o
 .debug_ranges  0x0000000000000028       0x50 build/stm32l4xx_it.o
 .debug_ranges  0x0000000000000078       0x10 build/stm32l4xx_hal_msp.o
 .debug_ranges  0x0000000000000088       0xf8 build/stm32l4xx_hal.o
 .debug_ranges  0x0000000000000180       0x98 build/stm32l4xx_hal_rcc.o
 .debug_ranges  0x0000000000000218       0x48 build/stm32l4xx_hal_gpio.o
 .debug_ranges  0x0000000000000260      0x118 build/stm32l4xx_hal_pwr_ex.o
 .debug_ranges  0x0000000000000378      0x108 build/stm32l4xx_hal_cortex.o
 .debug_ranges  0x0000000000000480       0x18 build/system_stm32l4xx.o
 .debug_ranges  0x0000000000000498       0x20 build/startup_stm32l432xx.o

.debug_line     0x0000000000000000     0x3472
 .debug_line    0x0000000000000000      0x39d build/main.o
 .debug_line    0x000000000000039d      0x174 build/stm32l4xx_it.o
 .debug_line    0x0000000000000511      0x135 build/stm32l4xx_hal_msp.o
 .debug_line    0x0000000000000646      0x5ca build/stm32l4xx_hal.o
 .debug_line    0x0000000000000c10      0xf31 build/stm32l4xx_hal_rcc.o
 .debug_line    0x0000000000001b41      0x63e build/stm32l4xx_hal_gpio.o
 .debug_line    0x000000000000217f      0x8ab build/stm32l4xx_hal_pwr_ex.o
 .debug_line    0x0000000000002a2a      0x768 build/stm32l4xx_hal_cortex.o
 .debug_line    0x0000000000003192      0x26a build/system_stm32l4xx.o
 .debug_line    0x00000000000033fc       0x76 build/startup_stm32l432xx.o

.debug_str      0x0000000000000000     0x1b6b
 .debug_str     0x0000000000000000      0x554 build/main.o
                                        0x5b3 (size before relaxing)
 .debug_str     0x0000000000000554       0xaf build/stm32l4xx_it.o
                                        0x20a (size before relaxing)
 .debug_str     0x0000000000000603       0x24 build/stm32l4xx_hal_msp.o
                                        0x2e6 (size before relaxing)
 .debug_str     0x0000000000000627      0x7c7 build/stm32l4xx_hal.o
                                        0xae5 (size before relaxing)
 .debug_str     0x0000000000000dee      0x2d6 build/stm32l4xx_hal_rcc.o
                                        0x839 (size before relaxing)
 .debug_str     0x00000000000010c4      0x131 build/stm32l4xx_hal_gpio.o
                                        0x51e (size before relaxing)
 .debug_str     0x00000000000011f5      0x48b build/stm32l4xx_hal_pwr_ex.o
                                        0x77f (size before relaxing)
 .debug_str     0x0000000000001680      0x48f build/stm32l4xx_hal_cortex.o
                                        0xb1c (size before relaxing)
 .debug_str     0x0000000000001b0f       0x38 build/system_stm32l4xx.o
                                        0x3b7 (size before relaxing)
 .debug_str     0x0000000000001b47       0x24 build/startup_stm32l432xx.o
                                         0x4a (size before relaxing)

.comment        0x0000000000000000       0x4d
 .comment       0x0000000000000000       0x4d build/main.o
                                         0x4e (size before relaxing)
 .comment       0x000000000000004d       0x4e build/stm32l4xx_it.o
 .comment       0x000000000000004d       0x4e build/stm32l4xx_hal_msp.o
 .comment       0x000000000000004d       0x4e build/stm32l4xx_hal.o
 .comment       0x000000000000004d       0x4e build/stm32l4xx_hal_rcc.o
 .comment       0x000000000000004d       0x4e build/stm32l4xx_hal_gpio.o
 .comment       0x000000000000004d       0x4e build/stm32l4xx_hal_pwr_ex.o
 .comment       0x000000000000004d       0x4e build/stm32l4xx_hal_cortex.o
 .comment       0x000000000000004d       0x4e build/system_stm32l4xx.o

.debug_frame    0x0000000000000000      0xa00
 .debug_frame   0x0000000000000000       0x7c build/main.o
 .debug_frame   0x000000000000007c       0xa8 build/stm32l4xx_it.o
 .debug_frame   0x0000000000000124       0x28 build/stm32l4xx_hal_msp.o
 .debug_frame   0x000000000000014c      0x21c build/stm32l4xx_hal.o
 .debug_frame   0x0000000000000368      0x19c build/stm32l4xx_hal_rcc.o
 .debug_frame   0x0000000000000504       0xd0 build/stm32l4xx_hal_gpio.o
 .debug_frame   0x00000000000005d4      0x248 build/stm32l4xx_hal_pwr_ex.o
 .debug_frame   0x000000000000081c      0x168 build/stm32l4xx_hal_cortex.o
 .debug_frame   0x0000000000000984       0x30 build/system_stm32l4xx.o
 .debug_frame   0x00000000000009b4       0x2c /Applications/ArmGNUToolchain/10.2/bin/../lib/gcc/arm-none-eabi/10.2.1/../../../../arm-none-eabi/lib/thumb/v7e-m+fp/hard/libc_nano.a(lib_a-init.o)
 .debug_frame   0x00000000000009e0       0x20 /Applications/ArmGNUToolchain/10.2/bin/../lib/gcc/arm-none-eabi/10.2.1/../../../../arm-none-eabi/lib/thumb/v7e-m+fp/hard/libc_nano.a(lib_a-memset.o)

Cross Reference Table

Symbol                                            File
ADC1_IRQHandler                                   build/startup_stm32l432xx.o
AHBPrescTable                                     build/system_stm32l4xx.o
                                                  build/stm32l4xx_hal_rcc.o
APBPrescTable                                     build/system_stm32l4xx.o
                                                  build/stm32l4xx_hal_rcc.o
BusFault_Handler                                  build/stm32l4xx_it.o
CAN1_RX0_IRQHandler                               build/startup_stm32l432xx.o
CAN1_RX1_IRQHandler                               build/startup_stm32l432xx.o
CAN1_SCE_IRQHandler                               build/startup_stm32l432xx.o
CAN1_TX_IRQHandler                                build/startup_stm32l432xx.o
COMP_IRQHandler                                   build/startup_stm32l432xx.o
CRS_IRQHandler                                    build/startup_stm32l432xx.o
DMA1_Channel1_IRQHandler                          build/startup_stm32l432xx.o
DMA1_Channel2_IRQHandler                          build/startup_stm32l432xx.o
DMA1_Channel3_IRQHandler                          build/startup_stm32l432xx.o
DMA1_Channel4_IRQHandler                          build/startup_stm32l432xx.o
DMA1_Channel5_IRQHandler                          build/startup_stm32l432xx.o
DMA1_Channel6_IRQHandler                          build/startup_stm32l432xx.o
DMA1_Channel7_IRQHandler                          build/startup_stm32l432xx.o
DMA2_Channel1_IRQHandler                          build/startup_stm32l432xx.o
DMA2_Channel2_IRQHandler                          build/startup_stm32l432xx.o
DMA2_Channel3_IRQHandler                          build/startup_stm32l432xx.o
DMA2_Channel4_IRQHandler                          build/startup_stm32l432xx.o
DMA2_Channel5_IRQHandler                          build/startup_stm32l432xx.o
DMA2_Channel6_IRQHandler                          build/startup_stm32l432xx.o
DMA2_Channel7_IRQHandler                          build/startup_stm32l432xx.o
DebugMon_Handler                                  build/stm32l4xx_it.o
Default_Handler                                   build/startup_stm32l432xx.o
EXTI0_IRQHandler                                  build/startup_stm32l432xx.o
EXTI15_10_IRQHandler                              build/startup_stm32l432xx.o
EXTI1_IRQHandler                                  build/startup_stm32l432xx.o
EXTI2_IRQHandler                                  build/startup_stm32l432xx.o
EXTI3_IRQHandler                                  build/startup_stm32l432xx.o
EXTI4_IRQHandler                                  build/startup_stm32l432xx.o
EXTI9_5_IRQHandler                                build/startup_stm32l432xx.o
Error_Handler                                     build/main.o
FLASH_FlushCaches                                 build/stm32l4xx_hal_flash_ex.o
                                                  build/stm32l4xx_hal_flash.o
FLASH_IRQHandler                                  build/startup_stm32l432xx.o
FLASH_PageErase                                   build/stm32l4xx_hal_flash_ex.o
                                                  build/stm32l4xx_hal_flash.o
FLASH_WaitForLastOperation                        build/stm32l4xx_hal_flash.o
                                                  build/stm32l4xx_hal_flash_ex.o
FPU_IRQHandler                                    build/startup_stm32l432xx.o
HAL_DBGMCU_DisableDBGSleepMode                    build/stm32l4xx_hal.o
HAL_DBGMCU_DisableDBGStandbyMode                  build/stm32l4xx_hal.o
HAL_DBGMCU_DisableDBGStopMode                     build/stm32l4xx_hal.o
HAL_DBGMCU_EnableDBGSleepMode                     build/stm32l4xx_hal.o
HAL_DBGMCU_EnableDBGStandbyMode                   build/stm32l4xx_hal.o
HAL_DBGMCU_EnableDBGStopMode                      build/stm32l4xx_hal.o
HAL_DMA_Abort                                     build/stm32l4xx_hal_dma.o
HAL_DMA_Abort_IT                                  build/stm32l4xx_hal_dma.o
HAL_DMA_DeInit                                    build/stm32l4xx_hal_dma.o
HAL_DMA_GetError                                  build/stm32l4xx_hal_dma.o
HAL_DMA_GetState                                  build/stm32l4xx_hal_dma.o
HAL_DMA_IRQHandler                                build/stm32l4xx_hal_dma.o
HAL_DMA_Init                                      build/stm32l4xx_hal_dma.o
HAL_DMA_PollForTransfer                           build/stm32l4xx_hal_dma.o
HAL_DMA_RegisterCallback                          build/stm32l4xx_hal_dma.o
HAL_DMA_Start                                     build/stm32l4xx_hal_dma.o
HAL_DMA_Start_IT                                  build/stm32l4xx_hal_dma.o
HAL_DMA_UnRegisterCallback                        build/stm32l4xx_hal_dma.o
HAL_DeInit                                        build/stm32l4xx_hal.o
HAL_Delay                                         build/stm32l4xx_hal.o
HAL_EXTI_ClearConfigLine                          build/stm32l4xx_hal_exti.o
HAL_EXTI_ClearPending                             build/stm32l4xx_hal_exti.o
HAL_EXTI_GenerateSWI                              build/stm32l4xx_hal_exti.o
HAL_EXTI_GetConfigLine                            build/stm32l4xx_hal_exti.o
HAL_EXTI_GetHandle                                build/stm32l4xx_hal_exti.o
HAL_EXTI_GetPending                               build/stm32l4xx_hal_exti.o
HAL_EXTI_IRQHandler                               build/stm32l4xx_hal_exti.o
HAL_EXTI_RegisterCallback                         build/stm32l4xx_hal_exti.o
HAL_EXTI_SetConfigLine                            build/stm32l4xx_hal_exti.o
HAL_FLASHEx_DisableRunPowerDown                   build/stm32l4xx_hal_flash_ramfunc.o
HAL_FLASHEx_EnableRunPowerDown                    build/stm32l4xx_hal_flash_ramfunc.o
HAL_FLASHEx_Erase                                 build/stm32l4xx_hal_flash_ex.o
HAL_FLASHEx_Erase_IT                              build/stm32l4xx_hal_flash_ex.o
HAL_FLASHEx_OBGetConfig                           build/stm32l4xx_hal_flash_ex.o
HAL_FLASHEx_OBProgram                             build/stm32l4xx_hal_flash_ex.o
HAL_FLASH_EndOfOperationCallback                  build/stm32l4xx_hal_flash.o
HAL_FLASH_GetError                                build/stm32l4xx_hal_flash.o
HAL_FLASH_IRQHandler                              build/stm32l4xx_hal_flash.o
HAL_FLASH_Lock                                    build/stm32l4xx_hal_flash.o
HAL_FLASH_OB_Launch                               build/stm32l4xx_hal_flash.o
HAL_FLASH_OB_Lock                                 build/stm32l4xx_hal_flash.o
HAL_FLASH_OB_Unlock                               build/stm32l4xx_hal_flash.o
HAL_FLASH_OperationErrorCallback                  build/stm32l4xx_hal_flash.o
HAL_FLASH_Program                                 build/stm32l4xx_hal_flash.o
HAL_FLASH_Program_IT                              build/stm32l4xx_hal_flash.o
HAL_FLASH_Unlock                                  build/stm32l4xx_hal_flash.o
HAL_GPIO_DeInit                                   build/stm32l4xx_hal_gpio.o
HAL_GPIO_EXTI_Callback                            build/stm32l4xx_hal_gpio.o
HAL_GPIO_EXTI_IRQHandler                          build/stm32l4xx_hal_gpio.o
HAL_GPIO_Init                                     build/stm32l4xx_hal_gpio.o
                                                  build/stm32l4xx_hal_rcc_ex.o
                                                  build/stm32l4xx_hal_rcc.o
                                                  build/main.o
HAL_GPIO_LockPin                                  build/stm32l4xx_hal_gpio.o
HAL_GPIO_ReadPin                                  build/stm32l4xx_hal_gpio.o
HAL_GPIO_TogglePin                                build/stm32l4xx_hal_gpio.o
HAL_GPIO_WritePin                                 build/stm32l4xx_hal_gpio.o
                                                  build/main.o
HAL_GetDEVID                                      build/stm32l4xx_hal.o
HAL_GetHalVersion                                 build/stm32l4xx_hal.o
HAL_GetREVID                                      build/stm32l4xx_hal.o
HAL_GetTick                                       build/stm32l4xx_hal.o
                                                  build/stm32l4xx_hal_dma.o
                                                  build/stm32l4xx_hal_flash.o
                                                  build/stm32l4xx_hal_rcc_ex.o
                                                  build/stm32l4xx_hal_rcc.o
HAL_GetTickFreq                                   build/stm32l4xx_hal.o
HAL_GetTickPrio                                   build/stm32l4xx_hal.o
HAL_GetUIDw0                                      build/stm32l4xx_hal.o
HAL_GetUIDw1                                      build/stm32l4xx_hal.o
HAL_GetUIDw2                                      build/stm32l4xx_hal.o
HAL_IncTick                                       build/stm32l4xx_hal.o
                                                  build/stm32l4xx_it.o
HAL_Init                                          build/stm32l4xx_hal.o
                                                  build/main.o
HAL_InitTick                                      build/stm32l4xx_hal.o
                                                  build/stm32l4xx_hal_rcc.o
HAL_MPU_ConfigRegion                              build/stm32l4xx_hal_cortex.o
HAL_MPU_Disable                                   build/stm32l4xx_hal_cortex.o
HAL_MPU_DisableRegion                             build/stm32l4xx_hal_cortex.o
HAL_MPU_Enable                                    build/stm32l4xx_hal_cortex.o
HAL_MPU_EnableRegion                              build/stm32l4xx_hal_cortex.o
HAL_MspDeInit                                     build/stm32l4xx_hal.o
HAL_MspInit                                       build/stm32l4xx_hal_msp.o
HAL_NVIC_ClearPendingIRQ                          build/stm32l4xx_hal_cortex.o
HAL_NVIC_DisableIRQ                               build/stm32l4xx_hal_cortex.o
HAL_NVIC_EnableIRQ                                build/stm32l4xx_hal_cortex.o
HAL_NVIC_GetActive                                build/stm32l4xx_hal_cortex.o
HAL_NVIC_GetPendingIRQ                            build/stm32l4xx_hal_cortex.o
HAL_NVIC_GetPriority                              build/stm32l4xx_hal_cortex.o
HAL_NVIC_GetPriorityGrouping                      build/stm32l4xx_hal_cortex.o
HAL_NVIC_SetPendingIRQ                            build/stm32l4xx_hal_cortex.o
HAL_NVIC_SetPriority                              build/stm32l4xx_hal_cortex.o
                                                  build/stm32l4xx_hal.o
HAL_NVIC_SetPriorityGrouping                      build/stm32l4xx_hal_cortex.o
                                                  build/stm32l4xx_hal.o
HAL_NVIC_SystemReset                              build/stm32l4xx_hal_cortex.o
HAL_PWREx_ConfigPVM                               build/stm32l4xx_hal_pwr_ex.o
HAL_PWREx_ControlVoltageScaling                   build/stm32l4xx_hal_pwr_ex.o
                                                  build/main.o
HAL_PWREx_DisableBatteryCharging                  build/stm32l4xx_hal_pwr_ex.o
HAL_PWREx_DisableGPIOPullDown                     build/stm32l4xx_hal_pwr_ex.o
HAL_PWREx_DisableGPIOPullUp                       build/stm32l4xx_hal_pwr_ex.o
HAL_PWREx_DisableInternalWakeUpLine               build/stm32l4xx_hal_pwr_ex.o
HAL_PWREx_DisableLowPowerRunMode                  build/stm32l4xx_hal_pwr_ex.o
                                                  build/stm32l4xx_hal_pwr.o
HAL_PWREx_DisablePVM1                             build/stm32l4xx_hal_pwr_ex.o
HAL_PWREx_DisablePVM3                             build/stm32l4xx_hal_pwr_ex.o
HAL_PWREx_DisablePVM4                             build/stm32l4xx_hal_pwr_ex.o
HAL_PWREx_DisablePullUpPullDownConfig             build/stm32l4xx_hal_pwr_ex.o
HAL_PWREx_DisableSRAM2ContentRetention            build/stm32l4xx_hal_pwr_ex.o
HAL_PWREx_DisableVddUSB                           build/stm32l4xx_hal_pwr_ex.o
HAL_PWREx_EnableBatteryCharging                   build/stm32l4xx_hal_pwr_ex.o
HAL_PWREx_EnableGPIOPullDown                      build/stm32l4xx_hal_pwr_ex.o
HAL_PWREx_EnableGPIOPullUp                        build/stm32l4xx_hal_pwr_ex.o
HAL_PWREx_EnableInternalWakeUpLine                build/stm32l4xx_hal_pwr_ex.o
HAL_PWREx_EnableLowPowerRunMode                   build/stm32l4xx_hal_pwr_ex.o
                                                  build/stm32l4xx_hal_pwr.o
HAL_PWREx_EnablePVM1                              build/stm32l4xx_hal_pwr_ex.o
HAL_PWREx_EnablePVM3                              build/stm32l4xx_hal_pwr_ex.o
HAL_PWREx_EnablePVM4                              build/stm32l4xx_hal_pwr_ex.o
HAL_PWREx_EnablePullUpPullDownConfig              build/stm32l4xx_hal_pwr_ex.o
HAL_PWREx_EnableSRAM2ContentRetention             build/stm32l4xx_hal_pwr_ex.o
HAL_PWREx_EnableVddUSB                            build/stm32l4xx_hal_pwr_ex.o
HAL_PWREx_EnterSHUTDOWNMode                       build/stm32l4xx_hal_pwr_ex.o
HAL_PWREx_EnterSTOP0Mode                          build/stm32l4xx_hal_pwr_ex.o
                                                  build/stm32l4xx_hal_pwr.o
HAL_PWREx_EnterSTOP1Mode                          build/stm32l4xx_hal_pwr_ex.o
                                                  build/stm32l4xx_hal_pwr.o
HAL_PWREx_EnterSTOP2Mode                          build/stm32l4xx_hal_pwr_ex.o
HAL_PWREx_GetVoltageRange                         build/stm32l4xx_hal_pwr_ex.o
                                                  build/stm32l4xx_hal_rcc.o
HAL_PWREx_PVD_PVM_IRQHandler                      build/stm32l4xx_hal_pwr_ex.o
HAL_PWREx_PVM1Callback                            build/stm32l4xx_hal_pwr_ex.o
HAL_PWREx_PVM3Callback                            build/stm32l4xx_hal_pwr_ex.o
HAL_PWREx_PVM4Callback                            build/stm32l4xx_hal_pwr_ex.o
HAL_PWREx_SetSRAM2ContentRetention                build/stm32l4xx_hal_pwr_ex.o
HAL_PWR_ConfigPVD                                 build/stm32l4xx_hal_pwr.o
HAL_PWR_DeInit                                    build/stm32l4xx_hal_pwr.o
HAL_PWR_DisableBkUpAccess                         build/stm32l4xx_hal_pwr.o
                                                  build/stm32l4xx_hal_rcc_ex.o
HAL_PWR_DisablePVD                                build/stm32l4xx_hal_pwr.o
HAL_PWR_DisableSEVOnPend                          build/stm32l4xx_hal_pwr.o
HAL_PWR_DisableSleepOnExit                        build/stm32l4xx_hal_pwr.o
HAL_PWR_DisableWakeUpPin                          build/stm32l4xx_hal_pwr.o
HAL_PWR_EnableBkUpAccess                          build/stm32l4xx_hal_pwr.o
                                                  build/stm32l4xx_hal_rcc_ex.o
HAL_PWR_EnablePVD                                 build/stm32l4xx_hal_pwr.o
HAL_PWR_EnableSEVOnPend                           build/stm32l4xx_hal_pwr.o
HAL_PWR_EnableSleepOnExit                         build/stm32l4xx_hal_pwr.o
HAL_PWR_EnableWakeUpPin                           build/stm32l4xx_hal_pwr.o
HAL_PWR_EnterSLEEPMode                            build/stm32l4xx_hal_pwr.o
HAL_PWR_EnterSTANDBYMode                          build/stm32l4xx_hal_pwr.o
HAL_PWR_EnterSTOPMode                             build/stm32l4xx_hal_pwr.o
HAL_PWR_PVDCallback                               build/stm32l4xx_hal_pwr.o
                                                  build/stm32l4xx_hal_pwr_ex.o
HAL_RCCEx_CRSConfig                               build/stm32l4xx_hal_rcc_ex.o
HAL_RCCEx_CRSGetSynchronizationInfo               build/stm32l4xx_hal_rcc_ex.o
HAL_RCCEx_CRSSoftwareSynchronizationGenerate      build/stm32l4xx_hal_rcc_ex.o
HAL_RCCEx_CRSWaitSynchronization                  build/stm32l4xx_hal_rcc_ex.o
HAL_RCCEx_CRS_ErrorCallback                       build/stm32l4xx_hal_rcc_ex.o
HAL_RCCEx_CRS_ExpectedSyncCallback                build/stm32l4xx_hal_rcc_ex.o
HAL_RCCEx_CRS_IRQHandler                          build/stm32l4xx_hal_rcc_ex.o
HAL_RCCEx_CRS_SyncOkCallback                      build/stm32l4xx_hal_rcc_ex.o
HAL_RCCEx_CRS_SyncWarnCallback                    build/stm32l4xx_hal_rcc_ex.o
HAL_RCCEx_DisableLSCO                             build/stm32l4xx_hal_rcc_ex.o
HAL_RCCEx_DisableLSECSS                           build/stm32l4xx_hal_rcc_ex.o
HAL_RCCEx_DisableMSIPLLMode                       build/stm32l4xx_hal_rcc_ex.o
HAL_RCCEx_DisablePLLSAI1                          build/stm32l4xx_hal_rcc_ex.o
HAL_RCCEx_EnableLSCO                              build/stm32l4xx_hal_rcc_ex.o
HAL_RCCEx_EnableLSECSS                            build/stm32l4xx_hal_rcc_ex.o
HAL_RCCEx_EnableLSECSS_IT                         build/stm32l4xx_hal_rcc_ex.o
HAL_RCCEx_EnableMSIPLLMode                        build/stm32l4xx_hal_rcc_ex.o
HAL_RCCEx_EnablePLLSAI1                           build/stm32l4xx_hal_rcc_ex.o
HAL_RCCEx_GetPeriphCLKConfig                      build/stm32l4xx_hal_rcc_ex.o
HAL_RCCEx_GetPeriphCLKFreq                        build/stm32l4xx_hal_rcc_ex.o
HAL_RCCEx_LSECSS_Callback                         build/stm32l4xx_hal_rcc_ex.o
HAL_RCCEx_LSECSS_IRQHandler                       build/stm32l4xx_hal_rcc_ex.o
HAL_RCCEx_PeriphCLKConfig                         build/stm32l4xx_hal_rcc_ex.o
HAL_RCCEx_StandbyMSIRangeConfig                   build/stm32l4xx_hal_rcc_ex.o
HAL_RCCEx_WakeUpStopCLKConfig                     build/stm32l4xx_hal_rcc_ex.o
HAL_RCC_CSSCallback                               build/stm32l4xx_hal_rcc.o
HAL_RCC_ClockConfig                               build/stm32l4xx_hal_rcc.o
                                                  build/main.o
HAL_RCC_DeInit                                    build/stm32l4xx_hal_rcc.o
HAL_RCC_EnableCSS                                 build/stm32l4xx_hal_rcc.o
HAL_RCC_GetClockConfig                            build/stm32l4xx_hal_rcc.o
HAL_RCC_GetHCLKFreq                               build/stm32l4xx_hal_rcc.o
HAL_RCC_GetOscConfig                              build/stm32l4xx_hal_rcc.o
HAL_RCC_GetPCLK1Freq                              build/stm32l4xx_hal_rcc.o
                                                  build/stm32l4xx_hal_rcc_ex.o
HAL_RCC_GetPCLK2Freq                              build/stm32l4xx_hal_rcc.o
                                                  build/stm32l4xx_hal_rcc_ex.o
HAL_RCC_GetResetSource                            build/stm32l4xx_hal_rcc.o
HAL_RCC_GetSysClockFreq                           build/stm32l4xx_hal_rcc.o
                                                  build/stm32l4xx_hal_rcc_ex.o
HAL_RCC_MCOConfig                                 build/stm32l4xx_hal_rcc.o
HAL_RCC_NMI_IRQHandler                            build/stm32l4xx_hal_rcc.o
HAL_RCC_OscConfig                                 build/stm32l4xx_hal_rcc.o
                                                  build/main.o
HAL_ResumeTick                                    build/stm32l4xx_hal.o
HAL_SYSCFG_DisableIOAnalogSwitchBooster           build/stm32l4xx_hal.o
HAL_SYSCFG_DisableMemorySwappingBank              build/stm32l4xx_hal.o
HAL_SYSCFG_EnableIOAnalogSwitchBooster            build/stm32l4xx_hal.o
HAL_SYSCFG_EnableMemorySwappingBank               build/stm32l4xx_hal.o
HAL_SYSCFG_SRAM2Erase                             build/stm32l4xx_hal.o
HAL_SYSTICK_CLKSourceConfig                       build/stm32l4xx_hal_cortex.o
HAL_SYSTICK_Callback                              build/stm32l4xx_hal_cortex.o
HAL_SYSTICK_Config                                build/stm32l4xx_hal_cortex.o
                                                  build/stm32l4xx_hal.o
HAL_SYSTICK_IRQHandler                            build/stm32l4xx_hal_cortex.o
HAL_SetTickFreq                                   build/stm32l4xx_hal.o
HAL_SuspendTick                                   build/stm32l4xx_hal.o
HardFault_Handler                                 build/stm32l4xx_it.o
I2C1_ER_IRQHandler                                build/startup_stm32l432xx.o
I2C1_EV_IRQHandler                                build/startup_stm32l432xx.o
I2C3_ER_IRQHandler                                build/startup_stm32l432xx.o
I2C3_EV_IRQHandler                                build/startup_stm32l432xx.o
LPTIM1_IRQHandler                                 build/startup_stm32l432xx.o
LPTIM2_IRQHandler                                 build/startup_stm32l432xx.o
LPUART1_IRQHandler                                build/startup_stm32l432xx.o
MSIRangeTable                                     build/system_stm32l4xx.o
                                                  build/stm32l4xx_hal_rcc_ex.o
                                                  build/stm32l4xx_hal_rcc.o
MemManage_Handler                                 build/stm32l4xx_it.o
NMI_Handler                                       build/stm32l4xx_it.o
PVD_PVM_IRQHandler                                build/startup_stm32l432xx.o
PendSV_Handler                                    build/stm32l4xx_it.o
QUADSPI_IRQHandler                                build/startup_stm32l432xx.o
RCC_IRQHandler                                    build/startup_stm32l432xx.o
RNG_IRQHandler                                    build/startup_stm32l432xx.o
RTC_Alarm_IRQHandler                              build/startup_stm32l432xx.o
RTC_WKUP_IRQHandler                               build/startup_stm32l432xx.o
Reset_Handler                                     build/startup_stm32l432xx.o
SAI1_IRQHandler                                   build/startup_stm32l432xx.o
SPI1_IRQHandler                                   build/startup_stm32l432xx.o
SPI3_IRQHandler                                   build/startup_stm32l432xx.o
SVC_Handler                                       build/stm32l4xx_it.o
SWPMI1_IRQHandler                                 build/startup_stm32l432xx.o
SysTick_Handler                                   build/stm32l4xx_it.o
SystemClock_Config                                build/main.o
SystemCoreClock                                   build/system_stm32l4xx.o
                                                  build/stm32l4xx_hal_pwr_ex.o
                                                  build/stm32l4xx_hal_rcc.o
                                                  build/stm32l4xx_hal.o
SystemCoreClockUpdate                             build/system_stm32l4xx.o
SystemInit                                        build/system_stm32l4xx.o
                                                  build/startup_stm32l432xx.o
TAMP_STAMP_IRQHandler                             build/startup_stm32l432xx.o
TIM1_BRK_TIM15_IRQHandler                         build/startup_stm32l432xx.o
TIM1_CC_IRQHandler                                build/startup_stm32l432xx.o
TIM1_TRG_COM_IRQHandler                           build/startup_stm32l432xx.o
TIM1_UP_TIM16_IRQHandler                          build/startup_stm32l432xx.o
TIM2_IRQHandler                                   build/startup_stm32l432xx.o
TIM6_DAC_IRQHandler                               build/startup_stm32l432xx.o
TIM7_IRQHandler                                   build/startup_stm32l432xx.o
TSC_IRQHandler                                    build/startup_stm32l432xx.o
USART1_IRQHandler                                 build/startup_stm32l432xx.o
USART2_IRQHandler                                 build/startup_stm32l432xx.o
USB_IRQHandler                                    build/startup_stm32l432xx.o
UsageFault_Handler                                build/stm32l4xx_it.o
WWDG_IRQHandler                                   build/startup_stm32l432xx.o
_Min_Stack_Size                                   build/sysmem.o
__bss_end__                                       /Applications/ArmGNUToolchain/10.2/bin/../lib/gcc/arm-none-eabi/10.2.1/../../../../arm-none-eabi/lib/thumb/v7e-m+fp/hard/crt0.o
__bss_start__                                     /Applications/ArmGNUToolchain/10.2/bin/../lib/gcc/arm-none-eabi/10.2.1/../../../../arm-none-eabi/lib/thumb/v7e-m+fp/hard/crt0.o
__call_exitprocs                                  /Applications/ArmGNUToolchain/10.2/bin/../lib/gcc/arm-none-eabi/10.2.1/../../../../arm-none-eabi/lib/thumb/v7e-m+fp/hard/libc_nano.a(lib_a-exit.o)
__deregister_frame_info                           /Applications/ArmGNUToolchain/10.2/bin/../lib/gcc/arm-none-eabi/10.2.1/thumb/v7e-m+fp/hard/crtbegin.o
__dso_handle                                      /Applications/ArmGNUToolchain/10.2/bin/../lib/gcc/arm-none-eabi/10.2.1/thumb/v7e-m+fp/hard/crtbegin.o
__env                                             build/syscalls.o
__errno                                           /Applications/ArmGNUToolchain/10.2/bin/../lib/gcc/arm-none-eabi/10.2.1/../../../../arm-none-eabi/lib/thumb/v7e-m+fp/hard/libc_nano.a(lib_a-errno.o)
                                                  build/syscalls.o
                                                  build/sysmem.o
__init_array_end                                  /Applications/ArmGNUToolchain/10.2/bin/../lib/gcc/arm-none-eabi/10.2.1/../../../../arm-none-eabi/lib/thumb/v7e-m+fp/hard/libc_nano.a(lib_a-init.o)
__init_array_start                                /Applications/ArmGNUToolchain/10.2/bin/../lib/gcc/arm-none-eabi/10.2.1/../../../../arm-none-eabi/lib/thumb/v7e-m+fp/hard/libc_nano.a(lib_a-init.o)
__io_getchar                                      build/syscalls.o
__io_putchar                                      build/syscalls.o
__libc_fini_array                                 /Applications/ArmGNUToolchain/10.2/bin/../lib/gcc/arm-none-eabi/10.2.1/../../../../arm-none-eabi/lib/thumb/v7e-m+fp/hard/crt0.o
__libc_init_array                                 /Applications/ArmGNUToolchain/10.2/bin/../lib/gcc/arm-none-eabi/10.2.1/../../../../arm-none-eabi/lib/thumb/v7e-m+fp/hard/libc_nano.a(lib_a-init.o)
                                                  build/startup_stm32l432xx.o
                                                  /Applications/ArmGNUToolchain/10.2/bin/../lib/gcc/arm-none-eabi/10.2.1/../../../../arm-none-eabi/lib/thumb/v7e-m+fp/hard/crt0.o
__preinit_array_end                               /Applications/ArmGNUToolchain/10.2/bin/../lib/gcc/arm-none-eabi/10.2.1/../../../../arm-none-eabi/lib/thumb/v7e-m+fp/hard/libc_nano.a(lib_a-init.o)
__preinit_array_start                             /Applications/ArmGNUToolchain/10.2/bin/../lib/gcc/arm-none-eabi/10.2.1/../../../../arm-none-eabi/lib/thumb/v7e-m+fp/hard/libc_nano.a(lib_a-init.o)
__register_frame_info                             /Applications/ArmGNUToolchain/10.2/bin/../lib/gcc/arm-none-eabi/10.2.1/thumb/v7e-m+fp/hard/crtbegin.o
__sf_fake_stderr                                  /Applications/ArmGNUToolchain/10.2/bin/../lib/gcc/arm-none-eabi/10.2.1/../../../../arm-none-eabi/lib/thumb/v7e-m+fp/hard/libc_nano.a(lib_a-impure.o)
__sf_fake_stdin                                   /Applications/ArmGNUToolchain/10.2/bin/../lib/gcc/arm-none-eabi/10.2.1/../../../../arm-none-eabi/lib/thumb/v7e-m+fp/hard/libc_nano.a(lib_a-impure.o)
__sf_fake_stdout                                  /Applications/ArmGNUToolchain/10.2/bin/../lib/gcc/arm-none-eabi/10.2.1/../../../../arm-none-eabi/lib/thumb/v7e-m+fp/hard/libc_nano.a(lib_a-impure.o)
__stack                                           /Applications/ArmGNUToolchain/10.2/bin/../lib/gcc/arm-none-eabi/10.2.1/../../../../arm-none-eabi/lib/thumb/v7e-m+fp/hard/crt0.o
_close                                            build/syscalls.o
_ebss                                             build/startup_stm32l432xx.o
_edata                                            build/startup_stm32l432xx.o
_end                                              build/sysmem.o
_estack                                           build/startup_stm32l432xx.o
                                                  build/sysmem.o
_execve                                           build/syscalls.o
_exit                                             build/syscalls.o
                                                  /Applications/ArmGNUToolchain/10.2/bin/../lib/gcc/arm-none-eabi/10.2.1/../../../../arm-none-eabi/lib/thumb/v7e-m+fp/hard/libc_nano.a(lib_a-exit.o)
_fini                                             /Applications/ArmGNUToolchain/10.2/bin/../lib/gcc/arm-none-eabi/10.2.1/thumb/v7e-m+fp/hard/crti.o
_fork                                             build/syscalls.o
_fstat                                            build/syscalls.o
_getpid                                           build/syscalls.o
_global_impure_ptr                                /Applications/ArmGNUToolchain/10.2/bin/../lib/gcc/arm-none-eabi/10.2.1/../../../../arm-none-eabi/lib/thumb/v7e-m+fp/hard/libc_nano.a(lib_a-impure.o)
                                                  /Applications/ArmGNUToolchain/10.2/bin/../lib/gcc/arm-none-eabi/10.2.1/../../../../arm-none-eabi/lib/thumb/v7e-m+fp/hard/libc_nano.a(lib_a-exit.o)
_impure_ptr                                       /Applications/ArmGNUToolchain/10.2/bin/../lib/gcc/arm-none-eabi/10.2.1/../../../../arm-none-eabi/lib/thumb/v7e-m+fp/hard/libc_nano.a(lib_a-impure.o)
                                                  /Applications/ArmGNUToolchain/10.2/bin/../lib/gcc/arm-none-eabi/10.2.1/../../../../arm-none-eabi/lib/thumb/v7e-m+fp/hard/libc_nano.a(lib_a-errno.o)
_init                                             /Applications/ArmGNUToolchain/10.2/bin/../lib/gcc/arm-none-eabi/10.2.1/thumb/v7e-m+fp/hard/crti.o
                                                  /Applications/ArmGNUToolchain/10.2/bin/../lib/gcc/arm-none-eabi/10.2.1/../../../../arm-none-eabi/lib/thumb/v7e-m+fp/hard/libc_nano.a(lib_a-init.o)
_isatty                                           build/syscalls.o
_kill                                             build/syscalls.o
_link                                             build/syscalls.o
_lseek                                            build/syscalls.o
_mainCRTStartup                                   /Applications/ArmGNUToolchain/10.2/bin/../lib/gcc/arm-none-eabi/10.2.1/../../../../arm-none-eabi/lib/thumb/v7e-m+fp/hard/crt0.o
_open                                             build/syscalls.o
_read                                             build/syscalls.o
_sbrk                                             build/sysmem.o
_sbss                                             build/startup_stm32l432xx.o
_sdata                                            build/startup_stm32l432xx.o
_sidata                                           build/startup_stm32l432xx.o
_stack_init                                       /Applications/ArmGNUToolchain/10.2/bin/../lib/gcc/arm-none-eabi/10.2.1/../../../../arm-none-eabi/lib/thumb/v7e-m+fp/hard/crt0.o
_start                                            /Applications/ArmGNUToolchain/10.2/bin/../lib/gcc/arm-none-eabi/10.2.1/../../../../arm-none-eabi/lib/thumb/v7e-m+fp/hard/crt0.o
_stat                                             build/syscalls.o
_times                                            build/syscalls.o
_unlink                                           build/syscalls.o
_wait                                             build/syscalls.o
_write                                            build/syscalls.o
atexit                                            /Applications/ArmGNUToolchain/10.2/bin/../lib/gcc/arm-none-eabi/10.2.1/../../../../arm-none-eabi/lib/thumb/v7e-m+fp/hard/crt0.o
environ                                           build/syscalls.o
exit                                              /Applications/ArmGNUToolchain/10.2/bin/../lib/gcc/arm-none-eabi/10.2.1/../../../../arm-none-eabi/lib/thumb/v7e-m+fp/hard/libc_nano.a(lib_a-exit.o)
                                                  /Applications/ArmGNUToolchain/10.2/bin/../lib/gcc/arm-none-eabi/10.2.1/../../../../arm-none-eabi/lib/thumb/v7e-m+fp/hard/crt0.o
g_pfnVectors                                      build/startup_stm32l432xx.o
hardware_init_hook                                /Applications/ArmGNUToolchain/10.2/bin/../lib/gcc/arm-none-eabi/10.2.1/../../../../arm-none-eabi/lib/thumb/v7e-m+fp/hard/crt0.o
initialise_monitor_handles                        build/syscalls.o
main                                              build/main.o
                                                  build/startup_stm32l432xx.o
                                                  /Applications/ArmGNUToolchain/10.2/bin/../lib/gcc/arm-none-eabi/10.2.1/../../../../arm-none-eabi/lib/thumb/v7e-m+fp/hard/crt0.o
memset                                            /Applications/ArmGNUToolchain/10.2/bin/../lib/gcc/arm-none-eabi/10.2.1/../../../../arm-none-eabi/lib/thumb/v7e-m+fp/hard/libc_nano.a(lib_a-memset.o)
                                                  build/main.o
                                                  /Applications/ArmGNUToolchain/10.2/bin/../lib/gcc/arm-none-eabi/10.2.1/../../../../arm-none-eabi/lib/thumb/v7e-m+fp/hard/crt0.o
pFlash                                            build/stm32l4xx_hal_flash.o
                                                  build/stm32l4xx_hal_flash_ex.o
software_init_hook                                /Applications/ArmGNUToolchain/10.2/bin/../lib/gcc/arm-none-eabi/10.2.1/../../../../arm-none-eabi/lib/thumb/v7e-m+fp/hard/crt0.o
uwTick                                            build/stm32l4xx_hal.o
uwTickFreq                                        build/stm32l4xx_hal.o
uwTickPrio                                        build/stm32l4xx_hal.o
                                                  build/stm32l4xx_hal_rcc.o
